10 + 3 = 13
10 - 3 = 7
10 * 3 = 30
10 > 3 is true
10 < 3 is false
10 >= 10 is true
10 <= 10 is true
10 == 10 is true
10 != 3 is true
true and false is false
true or false is true
not true is false
neg 10 is -10
